Microchip MPLAB XC8 Compiler V2.41

Linker command line:

-W-3 \
  --edf=C:\Program Files\Microchip\xc8\v2.41\pic\dat\20230208172133_en.msgs \
  -cn -h+dist/default/debug\Onda_Cuadrada.X.debug.sym \
  --cmf=dist/default/debug\Onda_Cuadrada.X.debug.cmf -z -Q16F887 \
  -oC:\Users\Baders\AppData\Local\Temp\xcAscdg.\driver_tmp_3.obj \
  -Mdist/default/debug/Onda_Cuadrada.X.debug.map \
  --md=C:\Users\Baders\AppData\Local\Temp\xcAscdg.\driver_tmp_0.dat -E1 \
  -ver=XC8 Compiler -ACODE=00h-07FFhx4 -ASTRCODE=00h-01FFFh \
  -ASTRING=00h-0FFhx32 -ACONST=00h-0FFhx32 -AENTRY=00h-0FFhx32 \
  -ACOMMON=070h-07Fh -ABANK0=020h-06Fh -ABANK1=0A0h-0EFh \
  -ABANK2=0110h-016Fh -ABANK3=0190h-01EFh \
  -ARAM=020h-06Fh,0A0h-0EFh,0110h-016Fh,0190h-01EFh \
  -AABS1=020h-07Fh,0A0h-0EFh,0110h-016Fh,0190h-01EFh -ASFR0=00h-01Fh \
  -ASFR1=080h-09Fh -ASFR2=0100h-010Fh -ASFR3=0180h-018Fh \
  -ACONFIG=02007h-02008h -DCONFIG=2 -AIDLOC=02000h-02003h -DIDLOC=2 \
  -AEEDATA=00h-0FFh/02100h -peeprom_data=EEDATA -DEEDATA=2 -DCODE=2 \
  -DSTRCODE=2 -DSTRING=2 -DCONST=2 -DENTRY=2 \
  -preset_vec=00h,intentry=04h,init,end_init -ppowerup=CODE -pcinit=CODE \
  -pfunctab=ENTRY -k \
  C:\Users\Baders\AppData\Local\Temp\xcAscdg.\driver_tmp_19.obj \
  dist/default/debug\Onda_Cuadrada.X.debug.obj 

Object code version is 3.11

Machine type is 16F887



                Name                               Link     Load   Length Selector   Space Scale
C:\Users\Baders\AppData\Local\Temp\xcAscdg.\driver_tmp_19.obj
                end_init                             10       10        3        8       0
                reset_vec                             0        0        3        0       0
                config                             2007     2007        2        0       4
dist/default/debug\Onda_Cuadrada.X.debug.obj
                cinit                                13       13       19        8       0
                intentry                              4        4        C        8       0
                config                             2007     2007        2        0       4
                text12                              259      259       3B        8       0
                text11                              38D      38D        6      594       0
                text10                              36F      36F        D      594       0
                text9                               2EB      2EB       1F      594       0
                text8                               33A      33A       14      594       0
                text7                               1AF      1AF       5E        8       0
                text6                               20D      20D       4C        8       0
                text5                                2C       2C      121        8       0
                text4                               30A      30A       1C      594       0
                text3                               35F      35F       10      594       0
                text2                               37C      37C        9      594       0
                text1                               2CA      2CA       21      594       0
                maintext                            14D      14D       62        8       0
                cstackBANK0                          20       20       2D       20       1
                cstackCOMMON                         70       70        D       70       1
                clrtext                             385      385        8      594       0
                inittext                            34E      34E       11      594       0
                bssBANK1                             A0       A0       50       A0       1
                dataBANK0                            4D       4D       14       20       1
                bssBANK0                             61       61        1       20       1
                strings                             294      294       36      528       0
                idataBANK0                          326      326       14      594       0

TOTAL           Name                               Link     Load   Length     Space
        CLASS   CODE           
                end_init                             10       10        3         0
                cinit                                13       13       19         0
                intentry                              4        4        C         0
                reset_vec                             0        0        3         0
                text12                              259      259       3B         0
                text11                              38D      38D        6         0
                text10                              36F      36F        D         0
                text9                               2EB      2EB       1F         0
                text8                               33A      33A       14         0
                text7                               1AF      1AF       5E         0
                text6                               20D      20D       4C         0
                text5                                2C       2C      121         0
                text4                               30A      30A       1C         0
                text3                               35F      35F       10         0
                text2                               37C      37C        9         0
                text1                               2CA      2CA       21         0
                maintext                            14D      14D       62         0
                clrtext                             385      385        8         0
                inittext                            34E      34E       11         0
                idataBANK0                          326      326       14         0

        CLASS   STRCODE        

        CLASS   STRING         
                strings                             294      294       36         0

        CLASS   CONST          

        CLASS   ENTRY          

        CLASS   COMMON         
                cstackCOMMON                         70       70        D         1

        CLASS   BANK0          
                cstackBANK0                          20       20       2D         1
                dataBANK0                            4D       4D       14         1
                bssBANK0                             61       61        1         1

        CLASS   BANK1          
                bssBANK1                             A0       A0       50         1

        CLASS   BANK2          

        CLASS   BANK3          

        CLASS   RAM            

        CLASS   ABS1           
                abs_s1                               7E       7E        2         1

        CLASS   SFR0           

        CLASS   SFR1           

        CLASS   SFR2           

        CLASS   SFR3           

        CLASS   CONFIG         
                config                             2007     2007        2         4

        CLASS   IDLOC          

        CLASS   EEDATA         

        CLASS   STACK          



SEGMENTS        Name                           Load    Length   Top    Selector   Space  Class     Delta

                reset_vec                      000000  000003  000003         0       0  CODE        2
                intentry                       000004  000290  000294         8       0  CODE        2
                cstackBANK0                    000020  000042  000062        20       1  BANK0       1
                cstackCOMMON                   000070  00000D  00007D        70       1  COMMON      1
                bssBANK1                       0000A0  000050  0000F0        A0       1  BANK1       1
                strings                        000294  000036  0002CA       528       0  STRING      2
                text1                          0002CA  0000C9  000393       594       0  CODE        2


UNUSED ADDRESS RANGES

        Name                Unused          Largest block    Delta
        BANK0            0062-006F              E           1
        BANK2            0110-016F             60           1
        BANK3            0190-01EF             60           1
        CODE             0003-0003              1           2
                         0393-1FFF            800
        COMMON           007D-007D              1           1
        CONST            0003-0003              1           2
                         0393-1FFF            100
        EEDATA           2100-21FF            100           2
        ENTRY            0003-0003              1           2
                         0393-1FFF            100
        IDLOC            2000-2003              4           2
        RAM              0062-006F              E           1
                         0110-016F             60
                         0190-01EF             60
        SFR0             0000-001F             20           1
        SFR1             0080-009F             20           1
        SFR2             0100-010F             10           1
        SFR3             0180-018F             10           1
        STRCODE          0003-0003              1           2
                         0393-1FFF           1C6D
        STRING           0003-0003              1           2
                         0393-1FFF            100

                                  Symbol Table

?___lldiv                cstackBANK0  0020
?___llmod                cstackBANK0  002E
?_sprintf                cstackBANK0  0038
_ADCON0bits              (abs)        001F
_ADCON1bits              (abs)        009F
_ADRESH                  (abs)        001E
_ADRESL                  (abs)        009E
_ANSEL                   (abs)        0188
_ANSELH                  (abs)        0189
_ANSELbits               (abs)        0188
_BAUDCTLbits             (abs)        0187
_INTCONbits              (abs)        000B
_OSCCONbits              (abs)        008F
_PIE1bits                (abs)        008C
_PIR1bits                (abs)        000C
_RCSTA                   (abs)        0018
_RCSTAbits               (abs)        0018
_SPBRG                   (abs)        0099
_T1CONbits               (abs)        0010
_TMR1H                   (abs)        000F
_TMR1L                   (abs)        000E
_TMR1_ISR                text12       0259
_TRISAbits               (abs)        0085
_TRISCbits               (abs)        0087
_TRISD                   (abs)        0088
_TRISE                   (abs)        0089
_TXEN                    (abs)        04C5
_TXIF                    (abs)        0064
_TXREG                   (abs)        0019
_TXSTAbits               (abs)        0098
__H__absolute__          __absolute__ 0000
__Habs1                  abs1         0000
__Hbank0                 bank0        0000
__Hbank1                 bank1        0000
__Hbank2                 bank2        0000
__Hbank3                 bank3        0000
__HbssBANK0              bssBANK0     0000
__HbssBANK1              bssBANK1     0000
__Hcinit                 cinit        002C
__Hclrtext               clrtext      0000
__Hcode                  code         0000
__Hcommon                common       0000
__Hconfig                config       2009
__HcstackBANK0           cstackBANK0  0000
__HcstackCOMMON          cstackCOMMON 0000
__HdataBANK0             dataBANK0    0000
__Heeprom_data           eeprom_data  0000
__Hend_init              end_init     0013
__Hfunctab               functab      0000
__HidataBANK0            idataBANK0   0000
__Hinit                  init         0010
__Hinittext              inittext     0000
__Hintentry              intentry     0010
__Hmaintext              maintext     0000
__Hpowerup               powerup      0000
__Hram                   ram          0000
__Hreset_vec             reset_vec    0003
__Hsfr0                  sfr0         0000
__Hsfr1                  sfr1         0000
__Hsfr2                  sfr2         0000
__Hsfr3                  sfr3         0000
__Hspace_0               (abs)        0393
__Hspace_1               (abs)        00F0
__Hspace_2               (abs)        0000
__Hspace_3               (abs)        0000
__Hspace_4               (abs)        4010
__Hstack                 stack        0000
__Hstrings               strings      0000
__Htext                  text         0000
__L__absolute__          __absolute__ 0000
__Labs1                  abs1         0000
__Lbank0                 bank0        0000
__Lbank1                 bank1        0000
__Lbank2                 bank2        0000
__Lbank3                 bank3        0000
__LbssBANK0              bssBANK0     0000
__LbssBANK1              bssBANK1     0000
__Lcinit                 cinit        0013
__Lclrtext               clrtext      0000
__Lcode                  code         0000
__Lcommon                common       0000
__Lconfig                config       0000
__LcstackBANK0           cstackBANK0  0000
__LcstackCOMMON          cstackCOMMON 0000
__LdataBANK0             dataBANK0    0000
__Leeprom_data           eeprom_data  0000
__Lend_init              end_init     0010
__Lfunctab               functab      0000
__LidataBANK0            idataBANK0   0000
__Linit                  init         0010
__Linittext              inittext     0000
__Lintentry              intentry     0004
__Lmaintext              maintext     0000
__Lpowerup               powerup      0000
__Lram                   ram          0000
__Lreset_vec             reset_vec    0000
__Lsfr0                  sfr0         0000
__Lsfr1                  sfr1         0000
__Lsfr2                  sfr2         0000
__Lsfr3                  sfr3         0000
__Lspace_0               (abs)        0000
__Lspace_1               (abs)        0000
__Lspace_2               (abs)        0000
__Lspace_3               (abs)        0000
__Lspace_4               (abs)        0000
__Lstack                 stack        0000
__Lstrings               strings      0000
__Ltext                  text         0000
__S0                     (abs)        0393
__S1                     (abs)        00F0
__S3                     (abs)        0000
___int_sp                stack        0000
___latbits               (abs)        0002
___lldiv                 text7        01AF
___lldiv@counter         cstackBANK0  002D
___lldiv@dividend        cstackBANK0  0024
___lldiv@divisor         cstackBANK0  0020
___lldiv@quotient        cstackBANK0  0029
___llmod                 text6        020D
___llmod@counter         cstackBANK0  0037
___llmod@dividend        cstackBANK0  0032
___llmod@divisor         cstackBANK0  002E
___sp                    stack        0000
___stackhi               (abs)        0000
___stacklo               (abs)        0000
__end_of_TMR1_ISR        text12       0294
__end_of___lldiv         text7        020D
__end_of___llmod         text6        0259
__end_of__initialization cinit        0028
__end_of__stringtab      strings      029A
__end_of_config_HAL      text11       0393
__end_of_dpowers         strings      02C2
__end_of_init_ADC        text9        030A
__end_of_init_inttimer   text8        034E
__end_of_main            maintext     01AF
__end_of_set_CHANNEL     text10       037C
__end_of_sprintf         text5        014D
__end_of_strcpy          text4        0326
__end_of_uart_init       text3        036F
__end_of_uart_send       text2        0385
__end_of_uart_send_text  text1        02EB
__initialization         cinit        0013
__pbssBANK0              bssBANK0     0061
__pbssBANK1              bssBANK1     00A0
__pcstackBANK0           cstackBANK0  0020
__pcstackCOMMON          cstackCOMMON 0070
__pdataBANK0             dataBANK0    004D
__pidataBANK0            idataBANK0   0326
__pintentry              intentry     0004
__pmaintext              maintext     014D
__pstrings               strings      0294
__ptext1                 text1        02CA
__ptext10                text10       036F
__ptext11                text11       038D
__ptext12                text12       0259
__ptext2                 text2        037C
__ptext3                 text3        035F
__ptext4                 text4        030A
__ptext5                 text5        002C
__ptext6                 text6        020D
__ptext7                 text7        01AF
__ptext8                 text8        033A
__ptext9                 text9        02EB
__stringbase             strings      0299
__stringtab              strings      0294
_buffer                  dataBANK0    004D
_config_HAL              text11       038D
_contador                bssBANK0     0061
_dpowers                 strings      029A
_init_ADC                text9        02EB
_init_inttimer           text8        033A
_main                    maintext     014D
_muestras                bssBANK1     00A0
_set_CHANNEL             text10       036F
_sprintf                 text5        002C
_strcpy                  text4        030A
_uart_init               text3        035F
_uart_send               text2        037C
_uart_send_text          text1        02CA
btemp                    (abs)        007E
clear_ram0               clrtext      0385
end_of_initialization    cinit        0028
init_fetch0              inittext     034E
init_ram0                inittext     0352
interrupt_function       intentry     0004
intlevel0                functab      0000
intlevel1                functab      0000
intlevel2                functab      0000
intlevel3                functab      0000
intlevel4                functab      0000
intlevel5                functab      0000
main@i                   cstackBANK0  004B
reset_vec                reset_vec    0000
saved_w                  (abs)        007E
set_CHANNEL@channel      cstackBANK0  0021
sprintf@ap               cstackBANK0  0042
sprintf@c                cstackBANK0  0049
sprintf@f                cstackBANK0  0038
sprintf@flag             cstackBANK0  0043
sprintf@prec             cstackBANK0  0040
sprintf@sp               cstackBANK0  0048
sprintf@val              cstackBANK0  0044
start                    init         0010
start_initialization     cinit        0013
strcpy@cp                cstackBANK0  0022
strcpy@from              cstackBANK0  0020
strcpy@to                cstackBANK0  0021
uart_send@data           cstackBANK0  0020
uart_send_text@aux       cstackBANK0  0021
uart_send_text@buffer    cstackBANK0  0022
wtemp0                   (abs)        007E


MODULE INFORMATION

Module		Function		Class		Link	Load	Size
uart.c
		_uart_init     		CODE           	035F	0000	16
		_uart_send     		CODE           	037C	0000	9
		_uart_send_text		CODE           	02CA	0000	33

uart.c estimated size: 58

C:\Program Files\Microchip\xc8\v2.41\pic\sources\c90\common\__lldiv.c
		___lldiv       		CODE           	01AF	0000	94

C:\Program Files\Microchip\xc8\v2.41\pic\sources\c90\common\__lldiv.c estimated size: 94

newmain.c
		_main          		CODE           	014D	0000	98
		_config_HAL    		CODE           	038D	0000	6
		_TMR1_ISR      		CODE           	0259	0000	59

newmain.c estimated size: 163

adc.c
		_init_ADC      		CODE           	02EB	0000	31
		_set_CHANNEL   		CODE           	036F	0000	13

adc.c estimated size: 44

shared
		__stringtab    		STRING         	0294	0000	6
		_dpowers       		STRING         	029A	0000	40
		__initialization		CODE           	0013	0000	21

shared estimated size: 67

C:\Program Files\Microchip\xc8\v2.41\pic\sources\c90\common\strcpy.c
		_strcpy        		CODE           	030A	0000	28

C:\Program Files\Microchip\xc8\v2.41\pic\sources\c90\common\strcpy.c estimated size: 28

C:\Program Files\Microchip\xc8\v2.41\pic\sources\c90\common\doprnt.c
		_sprintf       		CODE           	002C	0000	289

C:\Program Files\Microchip\xc8\v2.41\pic\sources\c90\common\doprnt.c estimated size: 289

C:\Program Files\Microchip\xc8\v2.41\pic\sources\c90\common\llmod.c
		___llmod       		CODE           	020D	0000	76

C:\Program Files\Microchip\xc8\v2.41\pic\sources\c90\common\llmod.c estimated size: 76

inttimer.c
		_init_inttimer 		CODE           	033A	0000	20

inttimer.c estimated size: 20

