Microchip MPLAB XC8 Compiler V2.41

Linker command line:

-W-3 \
  --edf=C:\Program Files\Microchip\xc8\v2.41\pic\dat\20230208172133_en.msgs \
  -cn -h+dist/default/production\Adquisicion_ADC.X.production.sym \
  --cmf=dist/default/production\Adquisicion_ADC.X.production.cmf -z \
  -Q16F887 -oC:\Users\Baders\AppData\Local\Temp\xcAsbn4.\driver_tmp_3.obj \
  -Mdist/default/production/Adquisicion_ADC.X.production.map \
  --md=C:\Users\Baders\AppData\Local\Temp\xcAsbn4.\driver_tmp_0.dat -E1 \
  -ver=XC8 Compiler -ACODE=00h-07FFhx4 -ASTRCODE=00h-01FFFh \
  -ASTRING=00h-0FFhx32 -ACONST=00h-0FFhx32 -AENTRY=00h-0FFhx32 \
  -ACOMMON=070h-07Fh -ABANK0=020h-06Fh -ABANK1=0A0h-0EFh \
  -ABANK2=0110h-016Fh -ABANK3=0190h-01EFh \
  -ARAM=020h-06Fh,0A0h-0EFh,0110h-016Fh,0190h-01EFh \
  -AABS1=020h-07Fh,0A0h-0EFh,0110h-016Fh,0190h-01EFh -ASFR0=00h-01Fh \
  -ASFR1=080h-09Fh -ASFR2=0100h-010Fh -ASFR3=0180h-018Fh \
  -ACONFIG=02007h-02008h -DCONFIG=2 -AIDLOC=02000h-02003h -DIDLOC=2 \
  -AEEDATA=00h-0FFh/02100h -peeprom_data=EEDATA -DEEDATA=2 -DCODE=2 \
  -DSTRCODE=2 -DSTRING=2 -DCONST=2 -DENTRY=2 \
  -preset_vec=00h,intentry,init,end_init -ppowerup=CODE -pcinit=CODE \
  -pfunctab=ENTRY -k \
  C:\Users\Baders\AppData\Local\Temp\xcAsbn4.\driver_tmp_13.obj \
  dist/default/production\Adquisicion_ADC.X.production.obj 

Object code version is 3.11

Machine type is 16F887



                Name                               Link     Load   Length Selector   Space Scale
C:\Users\Baders\AppData\Local\Temp\xcAsbn4.\driver_tmp_13.obj
                end_init                              0        0        3        0       0
                config                             2007     2007        2        0       4
dist/default/production\Adquisicion_ADC.X.production.obj
                cinit                               7FC      7FC        4      FF8       0
                config                             2007     2007        2        0       4
                text6                               661      661       5E      CC2       0
                text5                               622      622       3F      C44       0
                text4                               5ED      5ED        6      BDA       0
                text3                               5F3      5F3        D      BE6       0
                text2                               600      600       22      C00       0
                text1                               6BF      6BF       5E      D7E       0
                maintext                            71D      71D       DF      E3A       0
                cstackBANK0                          20       20        8       20       1
                cstackCOMMON                         70       70        E       70       1

TOTAL           Name                               Link     Load   Length     Space
        CLASS   CODE           
                end_init                              0        0        3         0
                cinit                               7FC      7FC        4         0
                text6                               661      661       5E         0
                text5                               622      622       3F         0
                text4                               5ED      5ED        6         0
                text3                               5F3      5F3        D         0
                text2                               600      600       22         0
                text1                               6BF      6BF       5E         0
                maintext                            71D      71D       DF         0

        CLASS   STRCODE        

        CLASS   STRING         

        CLASS   CONST          

        CLASS   ENTRY          

        CLASS   COMMON         
                cstackCOMMON                         70       70        E         1

        CLASS   BANK0          
                cstackBANK0                          20       20        8         1

        CLASS   BANK1          

        CLASS   BANK2          

        CLASS   BANK3          

        CLASS   RAM            

        CLASS   ABS1           
                abs_s1                               7E       7E        2         1

        CLASS   SFR0           

        CLASS   SFR1           

        CLASS   SFR2           

        CLASS   SFR3           

        CLASS   CONFIG         
                config                             2007     2007        2         4

        CLASS   IDLOC          

        CLASS   EEDATA         

        CLASS   STACK          



SEGMENTS        Name                           Load    Length   Top    Selector   Space  Class     Delta

                reset_vec                      000000  000003  000003         0       0  CODE        2
                cstackBANK0                    000020  000008  000028        20       1  BANK0       1
                cstackCOMMON                   000070  00000E  00007E        70       1  COMMON      1
                text4                          0005ED  000006  0005F3       BDA       0  CODE        2
                text3                          0005F3  00000D  000600       BE6       0  CODE        2
                text2                          000600  000022  000622       C00       0  CODE        2
                text5                          000622  00003F  000661       C44       0  CODE        2
                text6                          000661  00005E  0006BF       CC2       0  CODE        2
                text1                          0006BF  00005E  00071D       D7E       0  CODE        2
                maintext                       00071D  0000DF  0007FC       E3A       0  CODE        2
                cinit                          0007FC  000004  000800       FF8       0  CODE        2


UNUSED ADDRESS RANGES

        Name                Unused          Largest block    Delta
        BANK0            0028-006F             48           1
        BANK1            00A0-00EF             50           1
        BANK2            0110-016F             60           1
        BANK3            0190-01EF             60           1
        CODE             0003-05EC            5EA           2
                         0800-1FFF            800
        CONST            0003-05EC            100           2
                         0800-1FFF            100
        EEDATA           2100-21FF            100           2
        ENTRY            0003-05EC            100           2
                         0800-1FFF            100
        IDLOC            2000-2003              4           2
        RAM              0028-006F             48           1
                         00A0-00EF             50
                         0110-016F             60
                         0190-01EF             60
        SFR0             0000-001F             20           1
        SFR1             0080-009F             20           1
        SFR2             0100-010F             10           1
        SFR3             0180-018F             10           1
        STRCODE          0003-05EC            5EA           2
                         0800-1FFF           1800
        STRING           0003-05EC            100           2
                         0800-1FFF            100

                                  Symbol Table

?___lldiv                cstackCOMMON 0070
?___lmul                 cstackCOMMON 0070
?_leer_ADC               cstackCOMMON 0070
_ADCON0bits              (abs)        001F
_ADCON1bits              (abs)        009F
_ADRESH                  (abs)        001E
_ADRESL                  (abs)        009E
_ANSEL                   (abs)        0188
_ANSELH                  (abs)        0189
_ANSELbits               (abs)        0188
_OSCCONbits              (abs)        008F
_PORTD                   (abs)        0008
_PORTE                   (abs)        0009
_TRISAbits               (abs)        0085
_TRISD                   (abs)        0088
_TRISE                   (abs)        0089
__H__absolute__          __absolute__ 0000
__Habs1                  abs1         0000
__Hbank0                 bank0        0000
__Hbank1                 bank1        0000
__Hbank2                 bank2        0000
__Hbank3                 bank3        0000
__Hcinit                 cinit        0800
__Hclrtext               clrtext      0000
__Hcode                  code         0000
__Hcommon                common       0000
__Hconfig                config       2009
__HcstackBANK0           cstackBANK0  0000
__HcstackCOMMON          cstackCOMMON 0000
__Heeprom_data           eeprom_data  0000
__Hend_init              end_init     0003
__Hfunctab               functab      0000
__Hinit                  init         0000
__Hintentry              intentry     0000
__Hmaintext              maintext     0000
__Hpowerup               powerup      0000
__Hram                   ram          0000
__Hreset_vec             reset_vec    0000
__Hsfr0                  sfr0         0000
__Hsfr1                  sfr1         0000
__Hsfr2                  sfr2         0000
__Hsfr3                  sfr3         0000
__Hspace_0               (abs)        0800
__Hspace_1               (abs)        007E
__Hspace_2               (abs)        0000
__Hspace_3               (abs)        0000
__Hspace_4               (abs)        4010
__Hstack                 stack        0000
__Hstrings               strings      0000
__Htext                  text         0000
__L__absolute__          __absolute__ 0000
__Labs1                  abs1         0000
__Lbank0                 bank0        0000
__Lbank1                 bank1        0000
__Lbank2                 bank2        0000
__Lbank3                 bank3        0000
__Lcinit                 cinit        07FC
__Lclrtext               clrtext      0000
__Lcode                  code         0000
__Lcommon                common       0000
__Lconfig                config       0000
__LcstackBANK0           cstackBANK0  0000
__LcstackCOMMON          cstackCOMMON 0000
__Leeprom_data           eeprom_data  0000
__Lend_init              end_init     0000
__Lfunctab               functab      0000
__Linit                  init         0000
__Lintentry              intentry     0000
__Lmaintext              maintext     0000
__Lpowerup               powerup      0000
__Lram                   ram          0000
__Lreset_vec             reset_vec    0000
__Lsfr0                  sfr0         0000
__Lsfr1                  sfr1         0000
__Lsfr2                  sfr2         0000
__Lsfr3                  sfr3         0000
__Lspace_0               (abs)        0000
__Lspace_1               (abs)        0000
__Lspace_2               (abs)        0000
__Lspace_3               (abs)        0000
__Lspace_4               (abs)        0000
__Lstack                 stack        0000
__Lstrings               strings      0000
__Ltext                  text         0000
__S0                     (abs)        0800
__S1                     (abs)        007E
__S3                     (abs)        0000
___int_sp                stack        0000
___latbits               (abs)        0002
___lldiv                 text6        0661
___lldiv@counter         cstackCOMMON 007D
___lldiv@dividend        cstackCOMMON 0074
___lldiv@divisor         cstackCOMMON 0070
___lldiv@quotient        cstackCOMMON 0079
___lmul                  text5        0622
___lmul@multiplicand     cstackCOMMON 0074
___lmul@multiplier       cstackCOMMON 0070
___lmul@product          cstackCOMMON 0079
___sp                    stack        0000
___stackhi               (abs)        0000
___stacklo               (abs)        0000
__end_of___lldiv         text6        06BF
__end_of___lmul          text5        0661
__end_of__initialization cinit        07FC
__end_of_config_HAL      text4        05F3
__end_of_init_ADC        text2        0622
__end_of_leer_ADC        text1        071D
__end_of_main            maintext     07FC
__end_of_set_CHANNEL     text3        0600
__initialization         cinit        07FC
__pcstackBANK0           cstackBANK0  0020
__pcstackCOMMON          cstackCOMMON 0070
__pmaintext              maintext     071D
__ptext1                 text1        06BF
__ptext2                 text2        0600
__ptext3                 text3        05F3
__ptext4                 text4        05ED
__ptext5                 text5        0622
__ptext6                 text6        0661
_config_HAL              text4        05ED
_init_ADC                text2        0600
_leer_ADC                text1        06BF
_main                    maintext     071D
_set_CHANNEL             text3        05F3
btemp                    (abs)        007E
end_of_initialization    cinit        07FC
intlevel0                functab      0000
intlevel1                functab      0000
intlevel2                functab      0000
intlevel3                functab      0000
intlevel4                functab      0000
intlevel5                functab      0000
leer_ADC@i               cstackBANK0  0022
leer_ADC@lectura         cstackBANK0  0020
main@temperatura         cstackBANK0  0024
reset_vec                reset_vec    0000
set_CHANNEL@channel      cstackCOMMON 0071
start                    init         0000
start_initialization     cinit        07FC
wtemp0                   (abs)        007E


MODULE INFORMATION

Module		Function		Class		Link	Load	Size
C:\Program Files\Microchip\xc8\v2.41\pic\sources\c90\common\__lldiv.c
		___lldiv       		CODE           	0661	0000	94

C:\Program Files\Microchip\xc8\v2.41\pic\sources\c90\common\__lldiv.c estimated size: 94

newmain.c
		_main          		CODE           	071D	0000	223
		_config_HAL    		CODE           	05ED	0000	6

newmain.c estimated size: 229

adc.c
		_leer_ADC      		CODE           	06BF	0000	94
		_init_ADC      		CODE           	0600	0000	34
		_set_CHANNEL   		CODE           	05F3	0000	13

adc.c estimated size: 141

C:\Program Files\Microchip\xc8\v2.41\pic\sources\c90\common\Umul32.c
		___lmul        		CODE           	0622	0000	63

C:\Program Files\Microchip\xc8\v2.41\pic\sources\c90\common\Umul32.c estimated size: 63

shared
		__initialization		CODE           	07FC	0000	1

shared estimated size: 1

