Microchip MPLAB XC8 Compiler V2.41

Linker command line:

-W-3 \
  --edf=C:\Program Files\Microchip\xc8\v2.41\pic\dat\20230208172133_en.msgs \
  -cn -h+dist/default/production\Onda_Cuadrada.X.production.sym \
  --cmf=dist/default/production\Onda_Cuadrada.X.production.cmf -z -Q16F887 \
  -oC:\Users\Baders\AppData\Local\Temp\xcAse7o.\driver_tmp_3.obj \
  -Mdist/default/production/Onda_Cuadrada.X.production.map \
  --md=C:\Users\Baders\AppData\Local\Temp\xcAse7o.\driver_tmp_0.dat -E1 \
  -ver=XC8 Compiler -ACODE=00h-07FFhx4 -ASTRCODE=00h-01FFFh \
  -ASTRING=00h-0FFhx32 -ACONST=00h-0FFhx32 -AENTRY=00h-0FFhx32 \
  -ACOMMON=070h-07Fh -ABANK0=020h-06Fh -ABANK1=0A0h-0EFh \
  -ABANK2=0110h-016Fh -ABANK3=0190h-01EFh \
  -ARAM=020h-06Fh,0A0h-0EFh,0110h-016Fh,0190h-01EFh \
  -AABS1=020h-07Fh,0A0h-0EFh,0110h-016Fh,0190h-01EFh -ASFR0=00h-01Fh \
  -ASFR1=080h-09Fh -ASFR2=0100h-010Fh -ASFR3=0180h-018Fh \
  -ACONFIG=02007h-02008h -DCONFIG=2 -AIDLOC=02000h-02003h -DIDLOC=2 \
  -AEEDATA=00h-0FFh/02100h -peeprom_data=EEDATA -DEEDATA=2 -DCODE=2 \
  -DSTRCODE=2 -DSTRING=2 -DCONST=2 -DENTRY=2 \
  -preset_vec=00h,intentry=04h,init,end_init -ppowerup=CODE -pcinit=CODE \
  -pfunctab=ENTRY -k \
  C:\Users\Baders\AppData\Local\Temp\xcAse7o.\driver_tmp_19.obj \
  dist/default/production\Onda_Cuadrada.X.production.obj 

Object code version is 3.11

Machine type is 16F887



                Name                               Link     Load   Length Selector   Space Scale
C:\Users\Baders\AppData\Local\Temp\xcAse7o.\driver_tmp_19.obj
                end_init                             10       10        3        8       0
                reset_vec                             0        0        3        0       0
                config                             2007     2007        2        0       4
dist/default/production\Onda_Cuadrada.X.production.obj
                cinit                                13       13       1E        8       0
                intentry                              4        4        C        8       0
                config                             2007     2007        2        0       4
                text31                              8FC      8FC       40     11F8       0
                text30                              A8A      A8A       6C     1514       0
                text29                             1709     1709       12     2E12       0
                text28                             16AB     16AB        6     2D56       0
                text27                             16CA     16CA        D     2D94       0
                text26                              884      884       24     1108       0
                text25                             171B     171B       12     2E36       0
                text24                              8CF      8CF       2D     119E       0
                text23                             16B1     16B1        8     2D62       0
                text22                              CB3      CB3       FB     1966       0
                text21                             1760     1760       1D     2EC0       0
                text20                              AF6      AF6       77     15EC       0
                text19                              A2C      A2C       5E     1458       0
                text18                              987      987       4C     130E       0
                text17                              8A8      8A8       27     1150       0
                text16                             179C     179C       21     2F38       0
                text15                              DAE      DAE      113     1B5C       0
                text14                              B6D      B6D       A1     16DA       0
                text13                             16E7     16E7       11     2DCE       0
                text12                              C0E      C0E       A5     181C       0
                text11                             17BD     17BD       21     2F7A       0
                text10                             177D     177D       1F     2EFA       0
                text9                               EC1      EC1      13F     1D82       0
                text8                               9D3      9D3       59     13A6       0
                text7                               93C      93C       4B     1278       0
                text6                               51C      51C      258        8       0
                text5                                31       31      4EB        8       0
                text4                              1744     1744       1C     2E88       0
                text3                              16D7     16D7       10     2DAE       0
                text2                              16C1     16C1        9     2D82       0
                text1                              17DE     17DE       22     2FBC       0
                maintext                            774      774       8C        8       0
                cstackBANK0                          20       20       49       20       1
                cstackCOMMON                         70       70        D       70       1
                cstackBANK1                          B7       B7       17       A0       1
                clrtext                            16B9     16B9        8     2D72       0
                inittext                           16F8     16F8       11     2DF0       0
                bssBANK3                            190      190       50      190       1
                dataBANK1                            A0       A0       17       A0       1
                bssBANK0                             69       69        5       20       1
                strings                             800      800       83     1000       0
                idataBANK1                         172D     172D       17     2E5A       0

TOTAL           Name                               Link     Load   Length     Space
        CLASS   CODE           
                end_init                             10       10        3         0
                cinit                                13       13       1E         0
                intentry                              4        4        C         0
                reset_vec                             0        0        3         0
                text31                              8FC      8FC       40         0
                text30                              A8A      A8A       6C         0
                text29                             1709     1709       12         0
                text28                             16AB     16AB        6         0
                text27                             16CA     16CA        D         0
                text26                              884      884       24         0
                text25                             171B     171B       12         0
                text24                              8CF      8CF       2D         0
                text23                             16B1     16B1        8         0
                text22                              CB3      CB3       FB         0
                text21                             1760     1760       1D         0
                text20                              AF6      AF6       77         0
                text19                              A2C      A2C       5E         0
                text18                              987      987       4C         0
                text17                              8A8      8A8       27         0
                text16                             179C     179C       21         0
                text15                              DAE      DAE      113         0
                text14                              B6D      B6D       A1         0
                text13                             16E7     16E7       11         0
                text12                              C0E      C0E       A5         0
                text11                             17BD     17BD       21         0
                text10                             177D     177D       1F         0
                text9                               EC1      EC1      13F         0
                text8                               9D3      9D3       59         0
                text7                               93C      93C       4B         0
                text6                               51C      51C      258         0
                text5                                31       31      4EB         0
                text4                              1744     1744       1C         0
                text3                              16D7     16D7       10         0
                text2                              16C1     16C1        9         0
                text1                              17DE     17DE       22         0
                maintext                            774      774       8C         0
                clrtext                            16B9     16B9        8         0
                inittext                           16F8     16F8       11         0
                idataBANK1                         172D     172D       17         0

        CLASS   STRCODE        

        CLASS   STRING         
                strings                             800      800       83         0

        CLASS   CONST          

        CLASS   ENTRY          

        CLASS   COMMON         
                cstackCOMMON                         70       70        D         1

        CLASS   BANK0          
                cstackBANK0                          20       20       49         1
                bssBANK0                             69       69        5         1

        CLASS   BANK1          
                cstackBANK1                          B7       B7       17         1
                dataBANK1                            A0       A0       17         1

        CLASS   BANK2          

        CLASS   BANK3          
                bssBANK3                            190      190       50         1

        CLASS   RAM            

        CLASS   ABS1           
                abs_s1                               7E       7E        2         1

        CLASS   SFR0           

        CLASS   SFR1           

        CLASS   SFR2           

        CLASS   SFR3           

        CLASS   CONFIG         
                config                             2007     2007        2         4

        CLASS   IDLOC          

        CLASS   EEDATA         

        CLASS   STACK          



SEGMENTS        Name                           Load    Length   Top    Selector   Space  Class     Delta

                reset_vec                      000000  000003  000003         0       0  CODE        2
                intentry                       000004  0007FC  000800         8       0  CODE        2
                cstackBANK0                    000020  00004E  00006E        20       1  BANK0       1
                cstackCOMMON                   000070  00000D  00007D        70       1  COMMON      1
                dataBANK1                      0000A0  00002E  0000CE        A0       1  BANK1       1
                bssBANK3                       000190  000050  0001E0       190       1  BANK3       1
                strings                        000800  000083  000883      1000       0  STRING      2
                text26                         000884  000024  0008A8      1108       0  CODE        2
                text17                         0008A8  000027  0008CF      1150       0  CODE        2
                text24                         0008CF  00002D  0008FC      119E       0  CODE        2
                text31                         0008FC  000040  00093C      11F8       0  CODE        2
                text7                          00093C  00004B  000987      1278       0  CODE        2
                text18                         000987  00004C  0009D3      130E       0  CODE        2
                text8                          0009D3  000059  000A2C      13A6       0  CODE        2
                text19                         000A2C  00005E  000A8A      1458       0  CODE        2
                text30                         000A8A  00006C  000AF6      1514       0  CODE        2
                text20                         000AF6  000077  000B6D      15EC       0  CODE        2
                text14                         000B6D  0000A1  000C0E      16DA       0  CODE        2
                text12                         000C0E  0000A5  000CB3      181C       0  CODE        2
                text22                         000CB3  0000FB  000DAE      1966       0  CODE        2
                text15                         000DAE  000113  000EC1      1B5C       0  CODE        2
                text9                          000EC1  00013F  001000      1D82       0  CODE        2
                text28                         0016AB  000006  0016B1      2D56       0  CODE        2
                text23                         0016B1  000008  0016B9      2D62       0  CODE        2
                clrtext                        0016B9  000008  0016C1      2D72       0  CODE        2
                text2                          0016C1  000009  0016CA      2D82       0  CODE        2
                text27                         0016CA  00000D  0016D7      2D94       0  CODE        2
                text3                          0016D7  000010  0016E7      2DAE       0  CODE        2
                text13                         0016E7  000011  0016F8      2DCE       0  CODE        2
                inittext                       0016F8  000011  001709      2DF0       0  CODE        2
                text29                         001709  000012  00171B      2E12       0  CODE        2
                text25                         00171B  000012  00172D      2E36       0  CODE        2
                idataBANK1                     00172D  000017  001744      2E5A       0  CODE        2
                text4                          001744  00001C  001760      2E88       0  CODE        2
                text21                         001760  00001D  00177D      2EC0       0  CODE        2
                text10                         00177D  00001F  00179C      2EFA       0  CODE        2
                text16                         00179C  000021  0017BD      2F38       0  CODE        2
                text11                         0017BD  000021  0017DE      2F7A       0  CODE        2
                text1                          0017DE  000022  001800      2FBC       0  CODE        2


UNUSED ADDRESS RANGES

        Name                Unused          Largest block    Delta
        BANK0            006E-006F              2           1
        BANK1            00CE-00EF             22           1
        BANK2            0110-016F             60           1
        BANK3            01E0-01EF             10           1
        CODE             0003-0003              1           2
                         0883-0883              1
                         1000-16AA            6AB
                         1800-1FFF            800
        COMMON           007D-007D              1           1
        CONST            0003-0003              1           2
                         0883-0883              1
                         1000-16AA            100
                         1800-1FFF            100
        EEDATA           2100-21FF            100           2
        ENTRY            0003-0003              1           2
                         0883-0883              1
                         1000-16AA            100
                         1800-1FFF            100
        IDLOC            2000-2003              4           2
        RAM              006E-006F              2           1
                         00CE-00EF             22
                         0110-016F             60
                         01E0-01EF             10
        SFR0             0000-001F             20           1
        SFR1             0080-009F             20           1
        SFR2             0100-010F             10           1
        SFR3             0180-018F             10           1
        STRCODE          0003-0003              1           2
                         0883-0883              1
                         1000-16AA            6AB
                         1800-1FFF            800
        STRING           0003-0003              1           2
                         0883-0883              1
                         1000-16AA            100
                         1800-1FFF            100

                                  Symbol Table

?___awdiv                cstackBANK0  0026
?___awmod                cstackBANK0  0020
?___ftadd                cstackBANK0  004A
?___ftmul                cstackBANK0  0031
?___ftneg                cstackBANK0  0020
?___ftpack               cstackBANK0  0020
?___ftsub                cstackBANK0  0056
?___fttol                cstackBANK0  0047
?___lldiv                cstackBANK0  0020
?___llmod                cstackBANK0  0020
?___lltoft               cstackBANK0  0028
?___lwtoft               cstackBANK0  0028
?___wmul                 cstackBANK0  0020
?__div_to_l_             cstackBANK0  0020
?__tdiv_to_l_            cstackBANK0  0020
?_fround                 cstackBANK0  0040
?_scale                  cstackBANK0  0040
?_sprintf                cstackBANK0  005C
_ADCON0bits              (abs)        001F
_ADCON1bits              (abs)        009F
_ADRESH                  (abs)        001E
_ADRESL                  (abs)        009E
_ANSEL                   (abs)        0188
_ANSELH                  (abs)        0189
_ANSELbits               (abs)        0188
_BAUDCTLbits             (abs)        0187
_INTCONbits              (abs)        000B
_OSCCONbits              (abs)        008F
_PIE1bits                (abs)        008C
_PIR1bits                (abs)        000C
_PORTDbits               (abs)        0008
_RCIF                    (abs)        0065
_RCREG                   (abs)        001A
_RCSTA                   (abs)        0018
_RCSTAbits               (abs)        0018
_SPBRG                   (abs)        0099
_T1CONbits               (abs)        0010
_TMR1H                   (abs)        000F
_TMR1L                   (abs)        000E
_TMR1_ISR                text31       08FC
_TRISAbits               (abs)        0085
_TRISCbits               (abs)        0087
_TRISD                   (abs)        0088
_TRISE                   (abs)        0089
_TXEN                    (abs)        04C5
_TXIF                    (abs)        0064
_TXREG                   (abs)        0019
_TXSTAbits               (abs)        0098
__H__absolute__          __absolute__ 0000
__Habs1                  abs1         0000
__Hbank0                 bank0        0000
__Hbank1                 bank1        0000
__Hbank2                 bank2        0000
__Hbank3                 bank3        0000
__HbssBANK0              bssBANK0     0000
__HbssBANK3              bssBANK3     0000
__Hcinit                 cinit        0031
__Hclrtext               clrtext      0000
__Hcode                  code         0000
__Hcommon                common       0000
__Hconfig                config       2009
__HcstackBANK0           cstackBANK0  0000
__HcstackBANK1           cstackBANK1  0000
__HcstackCOMMON          cstackCOMMON 0000
__HdataBANK1             dataBANK1    0000
__Heeprom_data           eeprom_data  0000
__Hend_init              end_init     0013
__Hfunctab               functab      0000
__HidataBANK1            idataBANK1   0000
__Hinit                  init         0010
__Hinittext              inittext     0000
__Hintentry              intentry     0010
__Hmaintext              maintext     0000
__Hpowerup               powerup      0000
__Hram                   ram          0000
__Hreset_vec             reset_vec    0003
__Hsfr0                  sfr0         0000
__Hsfr1                  sfr1         0000
__Hsfr2                  sfr2         0000
__Hsfr3                  sfr3         0000
__Hspace_0               (abs)        1800
__Hspace_1               (abs)        01E0
__Hspace_2               (abs)        0000
__Hspace_3               (abs)        0000
__Hspace_4               (abs)        4010
__Hstack                 stack        0000
__Hstrings               strings      0000
__Htext                  text         0000
__L__absolute__          __absolute__ 0000
__Labs1                  abs1         0000
__Lbank0                 bank0        0000
__Lbank1                 bank1        0000
__Lbank2                 bank2        0000
__Lbank3                 bank3        0000
__LbssBANK0              bssBANK0     0000
__LbssBANK3              bssBANK3     0000
__Lcinit                 cinit        0013
__Lclrtext               clrtext      0000
__Lcode                  code         0000
__Lcommon                common       0000
__Lconfig                config       0000
__LcstackBANK0           cstackBANK0  0000
__LcstackBANK1           cstackBANK1  0000
__LcstackCOMMON          cstackCOMMON 0000
__LdataBANK1             dataBANK1    0000
__Leeprom_data           eeprom_data  0000
__Lend_init              end_init     0010
__Lfunctab               functab      0000
__LidataBANK1            idataBANK1   0000
__Linit                  init         0010
__Linittext              inittext     0000
__Lintentry              intentry     0004
__Lmaintext              maintext     0000
__Lpowerup               powerup      0000
__Lram                   ram          0000
__Lreset_vec             reset_vec    0000
__Lsfr0                  sfr0         0000
__Lsfr1                  sfr1         0000
__Lsfr2                  sfr2         0000
__Lsfr3                  sfr3         0000
__Lspace_0               (abs)        0000
__Lspace_1               (abs)        0000
__Lspace_2               (abs)        0000
__Lspace_3               (abs)        0000
__Lspace_4               (abs)        0000
__Lstack                 stack        0000
__Lstrings               strings      0000
__Ltext                  text         0000
__S0                     (abs)        1800
__S1                     (abs)        01E0
__S3                     (abs)        0000
___awdiv                 text8        09D3
___awdiv@counter         cstackBANK0  002A
___awdiv@dividend        cstackBANK0  0028
___awdiv@divisor         cstackBANK0  0026
___awdiv@quotient        cstackBANK0  002C
___awdiv@sign            cstackBANK0  002B
___awmod                 text7        093C
___awmod@counter         cstackBANK0  0024
___awmod@dividend        cstackBANK0  0022
___awmod@divisor         cstackBANK0  0020
___awmod@sign            cstackBANK0  0025
___bmul                  text13       16E7
___bmul@multiplicand     cstackBANK0  002E
___bmul@multiplier       cstackBANK0  0030
___bmul@product          cstackBANK0  002F
___ftadd                 text22       0CB3
___ftadd@exp1            cstackBANK0  0055
___ftadd@exp2            cstackBANK0  0054
___ftadd@f1              cstackBANK0  004A
___ftadd@f2              cstackBANK0  004D
___ftadd@sign            cstackBANK0  0053
___ftge                  text24       08CF
___ftge@ff1              cstackBANK0  0020
___ftge@ff2              cstackBANK0  0023
___ftmul                 text12       0C0E
___ftmul@cntr            cstackBANK0  003E
___ftmul@exp             cstackBANK0  003A
___ftmul@f1              cstackBANK0  0031
___ftmul@f2              cstackBANK0  0034
___ftmul@f3_as_product   cstackBANK0  003B
___ftmul@sign            cstackBANK0  003F
___ftneg                 text23       16B1
___ftneg@f1              cstackBANK0  0020
___ftpack                text30       0A8A
___ftpack@arg            cstackBANK0  0020
___ftpack@exp            cstackBANK0  0023
___ftpack@sign           cstackBANK0  0024
___ftsub                 text21       1760
___ftsub@f1              cstackBANK0  0059
___ftsub@f2              cstackBANK0  0056
___fttol                 text20       0AF6
___fttol@exp1            cstackBANK0  0053
___fttol@f1              cstackBANK0  0047
___fttol@lval            cstackBANK0  004F
___fttol@sign1           cstackBANK0  004E
___int_sp                stack        0000
___latbits               (abs)        0002
___lbdiv                 text11       17BD
___lbdiv@counter         cstackBANK0  0028
___lbdiv@dividend        cstackBANK0  0027
___lbdiv@divisor         cstackBANK0  0026
___lbdiv@quotient        cstackBANK0  0029
___lbmod                 text10       177D
___lbmod@counter         cstackBANK0  0024
___lbmod@dividend        cstackBANK0  0023
___lbmod@divisor         cstackBANK0  0020
___lbmod@rem             cstackBANK0  0025
___lldiv                 text19       0A2C
___lldiv@counter         cstackBANK0  002D
___lldiv@dividend        cstackBANK0  0024
___lldiv@divisor         cstackBANK0  0020
___lldiv@quotient        cstackBANK0  0029
___llmod                 text18       0987
___llmod@counter         cstackBANK0  0029
___llmod@dividend        cstackBANK0  0024
___llmod@divisor         cstackBANK0  0020
___lltoft                text17       08A8
___lltoft@c              cstackBANK0  0028
___lltoft@exp            cstackBANK0  002C
___lwtoft                text29       1709
___lwtoft@c              cstackBANK0  0028
___sp                    stack        0000
___stackhi               (abs)        0000
___stacklo               (abs)        0000
___wmul                  text16       179C
___wmul@multiplicand     cstackBANK0  0022
___wmul@multiplier       cstackBANK0  0020
___wmul@product          cstackBANK0  0024
__div_to_l_              text15       0DAE
__div_to_l_@cntr         cstackBANK0  0032
__div_to_l_@exp1         cstackBANK0  0033
__div_to_l_@f1           cstackBANK0  0020
__div_to_l_@f2           cstackBANK0  0023
__div_to_l_@quot         cstackBANK0  002E
__end_of_TMR1_ISR        text31       093C
__end_of___awdiv         text8        0A2C
__end_of___awmod         text7        0987
__end_of___bmul          text13       16F8
__end_of___ftadd         text22       0DAE
__end_of___ftge          text24       08FC
__end_of___ftmul         text12       0CB3
__end_of___ftneg         text23       16B9
__end_of___ftpack        text30       0AF6
__end_of___ftsub         text21       177D
__end_of___fttol         text20       0B6D
__end_of___lbdiv         text11       17DE
__end_of___lbmod         text10       179C
__end_of___lldiv         text19       0A8A
__end_of___llmod         text18       09D3
__end_of___lltoft        text17       08CF
__end_of___lwtoft        text29       171B
__end_of___wmul          text16       17BD
__end_of__div_to_l_      text15       0EC1
__end_of__initialization cinit        002D
__end_of__npowers_       strings      0854
__end_of__powers_        strings      082D
__end_of__stringtab      strings      0806
__end_of__tdiv_to_l_     text14       0C0E
__end_of_config_HAL      text28       16B1
__end_of_dpowers         strings      087C
__end_of_fround          text9        1000
__end_of_init_ADC        text26       08A8
__end_of_init_inttimer   text25       172D
__end_of_main            maintext     0800
__end_of_scale           text6        0774
__end_of_set_CHANNEL     text27       16D7
__end_of_sprintf         text5        051C
__end_of_strcpy          text4        1760
__end_of_uart_init       text3        16E7
__end_of_uart_send       text2        16CA
__end_of_uart_send_text  text1        1800
__initialization         cinit        0013
__npowers_               strings      082D
__pbssBANK0              bssBANK0     0069
__pbssBANK3              bssBANK3     0190
__pcstackBANK0           cstackBANK0  0020
__pcstackBANK1           cstackBANK1  00B7
__pcstackCOMMON          cstackCOMMON 0070
__pdataBANK1             dataBANK1    00A0
__pidataBANK1            idataBANK1   172D
__pintentry              intentry     0004
__pmaintext              maintext     0774
__powers_                strings      0806
__pstrings               strings      0800
__ptext1                 text1        17DE
__ptext10                text10       177D
__ptext11                text11       17BD
__ptext12                text12       0C0E
__ptext13                text13       16E7
__ptext14                text14       0B6D
__ptext15                text15       0DAE
__ptext16                text16       179C
__ptext17                text17       08A8
__ptext18                text18       0987
__ptext19                text19       0A2C
__ptext2                 text2        16C1
__ptext20                text20       0AF6
__ptext21                text21       1760
__ptext22                text22       0CB3
__ptext23                text23       16B1
__ptext24                text24       08CF
__ptext25                text25       171B
__ptext26                text26       0884
__ptext27                text27       16CA
__ptext28                text28       16AB
__ptext29                text29       1709
__ptext3                 text3        16D7
__ptext30                text30       0A8A
__ptext31                text31       08FC
__ptext4                 text4        1744
__ptext5                 text5        0031
__ptext6                 text6        051C
__ptext7                 text7        093C
__ptext8                 text8        09D3
__ptext9                 text9        0EC1
__stringbase             strings      0805
__stringtab              strings      0800
__tdiv_to_l_             text14       0B6D
__tdiv_to_l_@cntr        cstackBANK0  002D
__tdiv_to_l_@exp1        cstackBANK0  002E
__tdiv_to_l_@f1          cstackBANK0  0020
__tdiv_to_l_@f2          cstackBANK0  0023
__tdiv_to_l_@quot        cstackBANK0  0029
_buffer                  dataBANK1    00A3
_config_HAL              text28       16AB
_contador                bssBANK0     006D
_contadorLed             bssBANK0     006C
_datoenv                 bssBANK0     0069
_dpowers                 strings      0854
_fround                  text9        0EC1
_fround$1289             cstackBANK0  0046
_fround$1290             cstackBANK0  0043
_init_ADC                text26       0884
_init_inttimer           text25       171B
_main                    maintext     0774
_muestras                bssBANK3     0190
_scale                   text6        051C
_scale$1291              cstackBANK0  0043
_set_CHANNEL             text27       16CA
_sprintf                 text5        0031
_sprintf$1292            cstackBANK1  00B7
_stop                    dataBANK1    00A0
_strcpy                  text4        1744
_uart_init               text3        16D7
_uart_send               text2        16C1
_uart_send_text          text1        17DE
btemp                    (abs)        007E
clear_ram0               clrtext      16B9
end_of_initialization    cinit        002D
fround@prec              cstackBANK0  0049
init_fetch0              inittext     16F8
init_ram0                inittext     16FC
interrupt_function       intentry     0004
intlevel0                functab      0000
intlevel1                functab      0000
intlevel2                functab      0000
intlevel3                functab      0000
intlevel4                functab      0000
intlevel5                functab      0000
main@i                   cstackBANK0  0067
reset_vec                reset_vec    0000
saved_w                  (abs)        007E
scale@scl                cstackBANK0  0046
set_CHANNEL@channel      cstackBANK0  0021
sprintf@ap               cstackBANK1  00BA
sprintf@c                cstackBANK1  00CD
sprintf@eexp             cstackBANK1  00C3
sprintf@f                cstackBANK0  005C
sprintf@flag             cstackBANK1  00BB
sprintf@fval             cstackBANK1  00CA
sprintf@prec             cstackBANK1  00BD
sprintf@sp               cstackBANK1  00C9
sprintf@tmpval           cstackBANK1  00C5
sprintf@val              cstackBANK1  00BF
start                    init         0010
start_initialization     cinit        0013
strcpy@cp                cstackBANK0  0022
strcpy@from              cstackBANK0  0020
strcpy@to                cstackBANK0  0021
uart_send@data           cstackBANK0  0020
uart_send_text@aux       cstackBANK0  0021
uart_send_text@buffer    cstackBANK0  0022
wtemp0                   (abs)        007E


MODULE INFORMATION

Module		Function		Class		Link	Load	Size
C:\Program Files\Microchip\xc8\v2.41\pic\sources\c90\common\ftmul.c
		___ftmul       		CODE           	0C0E	0000	165

C:\Program Files\Microchip\xc8\v2.41\pic\sources\c90\common\ftmul.c estimated size: 165

C:\Program Files\Microchip\xc8\v2.41\pic\sources\c90\common\ftdivl.c
		__tdiv_to_l_   		CODE           	0B6D	0000	161

C:\Program Files\Microchip\xc8\v2.41\pic\sources\c90\common\ftdivl.c estimated size: 161

uart.c
		_uart_init     		CODE           	16D7	0000	16
		_uart_send     		CODE           	16C1	0000	9
		_uart_send_text		CODE           	17DE	0000	34

uart.c estimated size: 59

C:\Program Files\Microchip\xc8\v2.41\pic\sources\c90\common\Umul16.c
		___wmul        		CODE           	179C	0000	33

C:\Program Files\Microchip\xc8\v2.41\pic\sources\c90\common\Umul16.c estimated size: 33

C:\Program Files\Microchip\xc8\v2.41\pic\sources\c90\common\awdiv.c
		___awdiv       		CODE           	09D3	0000	89

C:\Program Files\Microchip\xc8\v2.41\pic\sources\c90\common\awdiv.c estimated size: 89

C:\Program Files\Microchip\xc8\v2.41\pic\sources\c90\common\ftge.c
		___ftge        		CODE           	08CF	0000	45

C:\Program Files\Microchip\xc8\v2.41\pic\sources\c90\common\ftge.c estimated size: 45

C:\Program Files\Microchip\xc8\v2.41\pic\sources\c90\common\lbmod.c
		___lbmod       		CODE           	177D	0000	31

C:\Program Files\Microchip\xc8\v2.41\pic\sources\c90\common\lbmod.c estimated size: 31

C:\Program Files\Microchip\xc8\v2.41\pic\sources\c90\common\__lldiv.c
		___lldiv       		CODE           	0A2C	0000	94

C:\Program Files\Microchip\xc8\v2.41\pic\sources\c90\common\__lldiv.c estimated size: 94

C:\Program Files\Microchip\xc8\v2.41\pic\sources\c90\common\Umul8.c
		___bmul        		CODE           	16E7	0000	17

C:\Program Files\Microchip\xc8\v2.41\pic\sources\c90\common\Umul8.c estimated size: 17

C:\Program Files\Microchip\xc8\v2.41\pic\sources\c90\common\fttol.c
		___fttol       		CODE           	0AF6	0000	119

C:\Program Files\Microchip\xc8\v2.41\pic\sources\c90\common\fttol.c estimated size: 119

newmain.c
		_main          		CODE           	0774	0000	140
		_config_HAL    		CODE           	16AB	0000	6
		_TMR1_ISR      		CODE           	08FC	0000	64

newmain.c estimated size: 210

adc.c
		_init_ADC      		CODE           	0884	0000	36
		_set_CHANNEL   		CODE           	16CA	0000	13

adc.c estimated size: 49

C:\Program Files\Microchip\xc8\v2.41\pic\sources\c90\common\ftadd.c
		___ftadd       		CODE           	0CB3	0000	251

C:\Program Files\Microchip\xc8\v2.41\pic\sources\c90\common\ftadd.c estimated size: 251

C:\Program Files\Microchip\xc8\v2.41\pic\sources\c90\common\fldivl.c
		__div_to_l_    		CODE           	0DAE	0000	275

C:\Program Files\Microchip\xc8\v2.41\pic\sources\c90\common\fldivl.c estimated size: 275

shared
		__stringtab    		STRING         	0800	0000	6
		__powers_      		STRING         	0806	0000	39
		_dpowers       		STRING         	0854	0000	40
		__npowers_     		STRING         	082D	0000	39
		__initialization		CODE           	0013	0000	26

shared estimated size: 150

C:\Program Files\Microchip\xc8\v2.41\pic\sources\c90\common\lbdiv.c
		___lbdiv       		CODE           	17BD	0000	33

C:\Program Files\Microchip\xc8\v2.41\pic\sources\c90\common\lbdiv.c estimated size: 33

C:\Program Files\Microchip\xc8\v2.41\pic\sources\c90\common\strcpy.c
		_strcpy        		CODE           	1744	0000	28

C:\Program Files\Microchip\xc8\v2.41\pic\sources\c90\common\strcpy.c estimated size: 28

C:\Program Files\Microchip\xc8\v2.41\pic\sources\c90\common\ftneg.c
		___ftneg       		CODE           	16B1	0000	8

C:\Program Files\Microchip\xc8\v2.41\pic\sources\c90\common\ftneg.c estimated size: 8

C:\Program Files\Microchip\xc8\v2.41\pic\sources\c90\common\ftsub.c
		___ftsub       		CODE           	1760	0000	29

C:\Program Files\Microchip\xc8\v2.41\pic\sources\c90\common\ftsub.c estimated size: 29

C:\Program Files\Microchip\xc8\v2.41\pic\sources\c90\common\float.c
		___ftpack      		CODE           	0A8A	0000	108

C:\Program Files\Microchip\xc8\v2.41\pic\sources\c90\common\float.c estimated size: 108

C:\Program Files\Microchip\xc8\v2.41\pic\sources\c90\common\doprnt.c
		_scale         		CODE           	051C	0000	600
		_sprintf       		CODE           	0031	0000	1259
		_fround        		CODE           	0EC1	0000	319

C:\Program Files\Microchip\xc8\v2.41\pic\sources\c90\common\doprnt.c estimated size: 2178

C:\Program Files\Microchip\xc8\v2.41\pic\sources\c90\common\awmod.c
		___awmod       		CODE           	093C	0000	75

C:\Program Files\Microchip\xc8\v2.41\pic\sources\c90\common\awmod.c estimated size: 75

C:\Program Files\Microchip\xc8\v2.41\pic\sources\c90\common\lwtoft.c
		___lwtoft      		CODE           	1709	0000	18

C:\Program Files\Microchip\xc8\v2.41\pic\sources\c90\common\lwtoft.c estimated size: 18

C:\Program Files\Microchip\xc8\v2.41\pic\sources\c90\common\lltoft.c
		___lltoft      		CODE           	08A8	0000	39

C:\Program Files\Microchip\xc8\v2.41\pic\sources\c90\common\lltoft.c estimated size: 39

C:\Program Files\Microchip\xc8\v2.41\pic\sources\c90\common\llmod.c
		___llmod       		CODE           	0987	0000	76

C:\Program Files\Microchip\xc8\v2.41\pic\sources\c90\common\llmod.c estimated size: 76

inttimer.c
		_init_inttimer 		CODE           	171B	0000	18

inttimer.c estimated size: 18

